{{!--

Тест 3
    
--}}
(def a 75)
(def b 60)
$[
  f : wasd,
  t : qwerty,
]
# Вычислено значение выражения |mod a 10|: 5
# Вычислено значение выражения |max b 50 30|: 60